<area shape="rect" id="node1" href="org.car2x.veins.modules.world.annotations.AnnotationDummy.html" title="Simple Module AnnotationDummy" alt="" coords="317,5,448,31">
<area shape="rect" id="node2" href="org.car2x.veins.modules.world.annotations.AnnotationManager.html" title="Simple Module AnnotationManager" alt="" coords="539,79,674,104">
<area shape="rect" id="node3" href="org.car2x.veins.nodes.Scenario.html" title="Network Scenario" alt="" coords="473,5,546,31">
<area shape="rect" id="node10" href="org.car2x.veins.base.modules.BaseWorldUtility.html" title="Simple Module BaseWorldUtility" alt="" coords="699,79,819,104">
<area shape="rect" id="node11" href="org.car2x.veins.nodes.Car.html" title="Compound Module Car" alt="" coords="843,79,915,104">
<area shape="rect" id="node16" href="org.car2x.veins.base.connectionManager.ConnectionManager.html" title="Simple Module ConnectionManager" alt="" coords="5,79,144,104">
<area shape="rect" id="node32" href="org.car2x.veins.modules.obstacle.ObstacleControl.html" title="Simple Module ObstacleControl" alt="" coords="169,79,285,104">
<area shape="rect" id="node34" href="org.car2x.veins.modules.mobility.traci.TraCIScenarioManagerLaunchd.html" title="Simple Module TraCIScenarioManagerLaunchd" alt="" coords="309,79,515,104">
<area shape="rect" id="node4" href="org.car2x.veins.base.modules.BaseLayer.html" title="Simple Module BaseLayer" alt="" coords="1090,5,1174,31">
<area shape="rect" id="node5" href="org.car2x.veins.base.modules.BaseMacLayer.html" title="Simple Module BaseMacLayer" alt="" coords="1199,5,1308,31">
<area shape="rect" id="node6" href="org.car2x.veins.base.modules.BaseMobility.html" title="Simple Module BaseMobility" alt="" coords="1003,152,1101,177">
<area shape="rect" id="node7" href="org.car2x.veins.nodes.RSU.html" title="Compound Module RSU" alt="" coords="953,79,1025,104">
<area shape="rect" id="node12" href="org.car2x.veins.base.modules.IBaseApplLayer.html" title="Module Interface IBaseApplLayer" alt="" coords="752,152,867,177">
<area shape="rect" id="node14" href="org.car2x.veins.modules.nic.INic80211p.html" title="Module Interface INic80211p" alt="" coords="891,152,979,177">
<area shape="rect" id="node15" href="ned.IdealChannel.html" title="Channel IdealChannel" alt="" coords="1125,152,1224,177">
<area shape="rect" id="node8" href="org.car2x.veins.nodes.TrafficLight.html" title="Compound Module TrafficLight" alt="" coords="1205,79,1291,104">
<area shape="rect" id="node23" href="org.car2x.veins.base.modules.ITrafficLightApplLayer.html" title="Module Interface ITrafficLightApplLayer" alt="" coords="1248,152,1397,177">
<area shape="rect" id="node24" href="org.car2x.veins.base.modules.ITrafficLightLogic.html" title="Module Interface ITrafficLightLogic" alt="" coords="1421,152,1544,177">
<area shape="rect" id="node41" href="org.car2x.veins.modules.world.traci.trafficLight.TraCITrafficLightInterface.html" title="Simple Module TraCITrafficLightInterface" alt="" coords="1568,152,1739,177">
<area shape="rect" id="node9" href="org.car2x.veins.base.phyLayer.BasePhyLayer.html" title="Simple Module BasePhyLayer" alt="" coords="1332,5,1439,31">
<area shape="rect" id="node13" href="org.car2x.veins.base.modules.IMobility.html" title="Module Interface IMobility" alt="" coords="656,152,728,177">
<area shape="rect" id="node17" href="ned.DatarateChannel.html" title="Channel DatarateChannel" alt="" coords="1463,5,1583,31">
<area shape="rect" id="node18" href="ned.DelayChannel.html" title="Channel DelayChannel" alt="" coords="1607,5,1711,31">
<area shape="rect" id="node19" href="org.car2x.veins.modules.application.ieee80211p.DemoBaseApplLayer.html" title="Simple Module DemoBaseApplLayer" alt="" coords="1735,5,1881,31">
<area shape="rect" id="node20" href="ned.IBidirectionalChannel.html" title="Module Interface IBidirectionalChannel" alt="" coords="1905,5,2050,31">
<area shape="rect" id="node21" href="org.car2x.veins.base.connectionManager.IChannelAccess.html" title="Module Interface IChannelAccess" alt="" coords="2074,5,2193,31">
<area shape="rect" id="node22" href="org.car2x.veins.modules.nic.Nic80211p.html" title="Compound Module Nic80211p" alt="" coords="1766,79,1850,104">
<area shape="rect" id="node29" href="org.car2x.veins.modules.mac.ieee80211p.Mac1609_4.html" title="Simple Module Mac1609_4" alt="" coords="1763,152,1853,177">
<area shape="rect" id="node31" href="org.car2x.veins.modules.phy.PhyLayer80211p.html" title="Simple Module PhyLayer80211p" alt="" coords="1877,152,1995,177">
<area shape="rect" id="node25" href="ned.IUnidirectionalChannel.html" title="Module Interface IUnidirectionalChannel" alt="" coords="2217,5,2370,31">
<area shape="rect" id="node26" href="org.car2x.veins.base.modules.IWirelessMac.html" title="Module Interface IWirelessMac" alt="" coords="2394,5,2497,31">
<area shape="rect" id="node27" href="org.car2x.veins.base.phyLayer.IWirelessPhy.html" title="Module Interface IWirelessPhy" alt="" coords="2521,5,2621,31">
<area shape="rect" id="node28" href="org.car2x.veins.modules.mobility.LinearMobility.html" title="Simple Module LinearMobility" alt="" coords="2645,5,2747,31">
<area shape="rect" id="node30" href="org.car2x.veins.modules.application.traci.MyVeinsApp.html" title="Simple Module MyVeinsApp" alt="" coords="2772,5,2868,31">
<area shape="rect" id="node33" href="RSUExampleScenario.html" title="Network RSUExampleScenario" alt="" coords="913,5,1066,31">
<area shape="rect" id="node35" href="org.car2x.veins.modules.application.traci.TraCIDemo11p.html" title="Simple Module TraCIDemo11p" alt="" coords="2893,5,3003,31">
<area shape="rect" id="node36" href="org.car2x.veins.modules.application.traci.TraCIDemoRSU11p.html" title="Simple Module TraCIDemoRSU11p" alt="" coords="3027,5,3167,31">
<area shape="rect" id="node37" href="org.car2x.veins.modules.mobility.traci.TraCIMobility.html" title="Simple Module TraCIMobility" alt="" coords="3191,5,3291,31">
<area shape="rect" id="node38" href="org.car2x.veins.modules.mobility.traci.TraCIScenarioManager.html" title="Simple Module TraCIScenarioManager" alt="" coords="3315,5,3471,31">
<area shape="rect" id="node39" href="org.car2x.veins.modules.mobility.traci.TraCIScenarioManagerForker.html" title="Simple Module TraCIScenarioManagerForker" alt="" coords="3495,5,3689,31">
<area shape="rect" id="node40" href="org.car2x.veins.modules.mobility.traci.TraCIScreenRecorder.html" title="Simple Module TraCIScreenRecorder" alt="" coords="3713,5,3863,31">
<area shape="rect" id="node42" href="org.car2x.veins.modules.world.traci.trafficLight.logics.TraCITrafficLightSimpleLogic.html" title="Simple Module TraCITrafficLightSimpleLogic" alt="" coords="3887,5,4078,31">
<area shape="rect" id="node43" href="org.car2x.veins.modules.mobility.traci.TraCIVehicleInserter.html" title="Simple Module TraCIVehicleInserter" alt="" coords="4102,5,4245,31">
<area shape="rect" id="node44" href="org.car2x.veins.modules.obstacle.VehicleObstacleControl.html" title="Simple Module VehicleObstacleControl" alt="" coords="4269,5,4427,31">
